[33mΓ¥»[39m Building...
[32mΓ£ö[39m Building...
[1mInitial chunk files[22m  [2m | [22m[1mNames[22m                [2m | [22m [1mRaw size[22m[2m | [22m[1mEstimated transfer size[22m
[32mstyles-B67HPEIP.css[39m  [2m | [22m[2mstyles[22m               [2m | [22m[36m757.83 kB[39m[2m | [22m               [36m74.85 kB[39m
[32mchunk-5IXWX3BU.js[39m    [2m | [22m[2m-[22m                    [2m | [22m[36m309.68 kB[39m[2m | [22m               [36m79.45 kB[39m
[32mscripts-EEEIPNC3.js[39m  [2m | [22m[2mscripts[22m              [2m | [22m [36m80.34 kB[39m[2m | [22m               [36m21.56 kB[39m
[32mpolyfills-FFHMD2TL.js[39m[2m | [22m[2mpolyfills[22m            [2m | [22m [36m34.52 kB[39m[2m | [22m               [36m11.28 kB[39m
[32mchunk-CR3NFGGQ.js[39m    [2m | [22m[2m-[22m                    [2m | [22m [36m34.32 kB[39m[2m | [22m                [36m9.39 kB[39m
[32mmain-VMOXXJ74.js[39m     [2m | [22m[2mmain[22m                 [2m | [22m [36m17.92 kB[39m[2m | [22m                [36m4.77 kB[39m

[1m [22m                    [2m | [22m[1mInitial total[22m        [2m | [22m  [1m[91m1.23 MB[39m[22m[2m | [22m              [1m201.30 kB[22m

[1mLazy chunk files[22m     [2m | [22m[1mNames[22m                [2m | [22m [1mRaw size[22m[2m | [22m[1mEstimated transfer size[22m
[32mchunk-3FTUUKEO.js[39m    [2m | [22m[2msidemenu-module[22m      [2m | [22m[36m556.33 kB[39m[2m | [22m               [36m86.43 kB[39m
[32mchunk-ULZWBRLM.js[39m    [2m | [22m[2mauthentication-module[22m[2m | [22m [36m16.24 kB[39m[2m | [22m                [36m4.18 kB[39m
[32mchunk-7TRWSKOH.js[39m    [2m | [22m[2m-[22m                    [2m | [22m[36m182 bytes[39m[2m | [22m              [36m182 bytes[39m

Application bundle generation failed. [16.809 seconds]

node.exe : [1m[33m[33mΓû▓ 
[43;33m[[43;30mWARNING[43;
33m][0m [1mNG8107: The 
left side of this optional 
chain operation does not 
include 'null' or 
'undefined' in its type, 
therefore the '?.' operator 
can be safely removed.[0m 
[1m[35m[plugin 
angular-compiler][0m
At C:\Program 
Files\nodejs\npx.ps1:29 
char:3
+   & $NODE_EXE $NPX_CLI_JS 
$args
+   
~~~~~~~~~~~~~~~~~~~~~~~~~~~~~
    + CategoryInfo           
   : NotSpecified: ([1m[3  
  3m[33mΓ...r-compiler][   
 0m:String) [], RemoteExc    
eption
    + FullyQualifiedErrorId  
   : NativeCommandError
 

    src/app/sidemenu/new-atte
ndence-management/new-attende
nce-management.component.html
:230:27:
[37m      230 Γöé ...       
            {{ [32mattendanc
eMap[student.studentId]?.[dat
e][37m }}
          Γò╡                
          [32m~~~~~~~~~~~~~~
~~~~~~~~~~~~~~~~~~~~~~~~~~[0
m

  Error occurs in the 
template of component NewAtte
ndenceManagementComponent.

    src/app/sidemenu/new-atte
ndence-management/new-attende
nce-management.component.ts:1
3:15:
[37m      13 Γöé   
templateUrl: [32m'./new-atte
ndence-management.component.h
tml'[37m,
         Γò╡                
[32m~~~~~~~~~~~~~~~~~~~~~~~~~
~~~~~~~~~~~~~~~~~~~[0m


[33mΓû▓ [43;33m[[43;30mWAR
NING[43;33m][0m [1mbundle 
initial exceeded maximum 
budget. Budget 512.00 kB was 
not met by 722.60 kB with a 
total of 1.23 MB.[0m


[33mΓû▓ [43;33m[[43;30mWAR
NING[43;33m][0m [1msrc/app
/sidemenu/home/home.component
.css exceeded maximum 
budget. Budget 2.05 kB was 
not met by 369 bytes with a 
total of 2.42 kB.[0m


[33mΓû▓ [43;33m[[43;30mWAR
NING[43;33m][0m [1msrc/app
/dashboard/dashboard.componen
t.css exceeded maximum 
budget. Budget 2.05 kB was 
not met by 163 bytes with a 
total of 2.21 kB.[0m


[33mΓû▓ [43;33m[[43;30mWAR
NING[43;33m][0m [1msrc/app
/sidemenu/question-bank/quest
ion-bank.component.css 
exceeded maximum budget. 
Budget 2.05 kB was not met 
by 701 bytes with a total of 
2.75 kB.[0m


[33mΓû▓ [43;33m[[43;30mWAR
NING[43;33m][0m [1msrc/app
/authentication/login/login.c
omponent.css exceeded 
maximum budget. Budget 2.05 
kB was not met by 3.62 kB 
with a total of 5.66 kB.[0m


[33mΓû▓ [43;33m[[43;30mWAR
NING[43;33m][0m [1msrc/app
/sidemenu/student-registratio
n/student-registration.compon
ent.css exceeded maximum 
budget. Budget 2.05 kB was 
not met by 838 bytes with a 
total of 2.89 kB.[0m


[33mΓû▓ [43;33m[[43;30mWAR
NING[43;33m][0m [1msrc/app
/sidemenu/lesson-plan/lesson-
plan.component.css exceeded 
maximum budget. Budget 2.05 
kB was not met by 676 bytes 
with a total of 2.72 kB.[0m


[33mΓû▓ [43;33m[[43;30mWAR
NING[43;33m][0m [1msrc/app
/sidemenu/staff-registration/
staff-registration.component.
css exceeded maximum budget. 
Budget 2.05 kB was not met 
by 487 bytes with a total of 
2.54 kB.[0m


[33mΓû▓ [43;33m[[43;30mWAR
NING[43;33m][0m [1msrc/app
/sidemenu/timetable/timetable
.component.css exceeded 
maximum budget. Budget 2.05 
kB was not met by 841 bytes 
with a total of 2.89 kB.[0m


[33mΓû▓ [43;33m[[43;30mWAR
NING[43;33m][0m [1msrc/app
/sidemenu/ia-module/ia-module
.component.css exceeded 
maximum budget. Budget 2.05 
kB was not met by 836 bytes 
with a total of 2.88 kB.[0m


[33mΓû▓ [43;33m[[43;30mWAR
NING[43;33m][0m [1msrc/app
/sidemenu/teaching-aids/teach
ing-aids.component.css 
exceeded maximum budget. 
Budget 2.05 kB was not met 
by 770 bytes with a total of 
2.82 kB.[0m


[33mΓû▓ [43;33m[[43;30mWAR
NING[43;33m][0m [1msrc/app
/sidemenu/attendance-manageme
nt/attendance-management.comp
onent.css exceeded maximum 
budget. Budget 2.05 kB was 
not met by 755 bytes with a 
total of 2.80 kB.[0m


[33mΓû▓ [43;33m[[43;30mWAR
NING[43;33m][0m [1msrc/app
/sidemenu/new-attendence-mana
gement/new-attendence-managem
ent.component.css exceeded 
maximum budget. Budget 2.05 
kB was not met by 977 bytes 
with a total of 3.02 kB.[0m


[33mΓû▓ [43;33m[[43;30mWAR
NING[43;33m][0m [1msrc/app
/sidemenu/feedback-system/fee
dback-system.component.css 
exceeded maximum budget. 
Budget 2.05 kB was not met 
by 4.07 kB with a total of 
6.11 kB.[0m


[33mΓû▓ [43;33m[[43;30mWAR
NING[43;33m][0m [1m2 
rules skipped due to 
selector errors:
  .form-floating>~label -> 
Did not expect successive 
traversals.
  .form-floating>~label -> 
Did not expect successive 
traversals.[0m

[39m[22m
[1m[31m[31mX [41;31m[[41
;97mERROR[41;31m][0m 
[1mbundle initial exceeded 
maximum budget. Budget 1.05 
MB was not met by 186.03 kB 
with a total of 1.23 MB.[0m


[31mX [41;31m[[41;97mERROR
[41;31m][0m [1msrc/app/aut
hentication/login/login.compo
nent.css exceeded maximum 
budget. Budget 4.10 kB was 
not met by 1.57 kB with a 
total of 5.66 kB.[0m


[31mX [41;31m[[41;97mERROR
[41;31m][0m [1msrc/app/sid
emenu/feedback-system/feedbac
k-system.component.css 
exceeded maximum budget. 
Budget 4.10 kB was not met 
by 2.02 kB with a total of 
6.11 kB.[0m

[39m[22m
